// Jest Snapshot v1, https://goo.gl/fbAQLP

exports[`matches snapshot 1`] = `
<div
  className="loadzone mb-5"
>
  <div
    className="container"
  >
    <div
      className="row"
    >
      <div
        className="col-lg-2 col"
      >
        <img
          alt="csv"
          src="csv.png"
          style={
            Object {
              "height": "80px",
            }
          }
        />
      </div>
      <div
        className="col-lg-1"
      />
      <div
        className="col-lg-8 col"
      >
        <p
          data-testid="path-1"
          style={
            Object {
              "textAlign": "left",
            }
          }
        >
          1
          <span
            data-testid="progress-1"
            style={
              Object {
                "float": "right",
              }
            }
          >
            2
            %
          </span>
        </p>
        <div
          className="progress"
        >
          <div
            aria-valuemax="100"
            aria-valuemin="0"
            aria-valuenow="50"
            className="progress-bar"
            role="progressbar"
            style={
              Object {
                "backgroundColor": "#6749F5",
                "width": "2%",
              }
            }
          />
        </div>
      </div>
    </div>
  </div>
</div>
`;
